﻿
> voice-first-assistant@0.1.0 build
> vite build

[36mvite v5.4.21 [32mbuilding for production...[36m[39m
transforming...
[32mΓ£ô[39m 2149 modules transformed.
node.exe : [31mx[39m 
Build failed in 3.53s
At line:1 char:1
+ & "C:\Program 
Files\nodejs/node.exe" 
"C:\Program 
Files\nodejs/node_mo ...
+ ~~~~~~~~~~~~~~~~~~~~~~~~
~~~~~~~~~~~~~~~~~~~~~~~~~~
~~~~~~~~~~~~~~~~~~~
    + CategoryInfo        
      : NotSpecified: (  
  [31mx[39m Build fail   
 ed in 3.53s:String) [    
], RemoteException
    + FullyQualifiedError 
   Id : NativeCommandErr  
  or
 
[31merror during build:
[31msrc/pages/Dashboard.j
sx (3:22): "Youtube" is 
not exported by "node_modu
les/lucide-react/dist/esm/
lucide-react.js", 
imported by "src/pages/Das
hboard.jsx".[31m
file: 
[36mC:/Users/MIHIRA SHREE
/OneDrive/Desktop/TEKHORA/
Iyya/src/pages/Dashboard.j
sx:3:22[31m
[33m
1: import React, { 
useState, useEffect, 
useRef } from 'react';
2: import { motion } from 
'framer-motion';
3: import { Mic, MicOff, 
Youtube, MessageCircle, 
Play } from 
'lucide-react';
                         ^
4: 
5: export default 
function Dashboard() {
[31m
    at getRollupError (fil
e:///C:/Users/MIHIRA%20SHR
EE/OneDrive/Desktop/TEKHOR
A/Iyya/node_modules/rollup
/dist/es/shared/parseAst.j
s:406:41)
    at error (file:///C:/U
sers/MIHIRA%20SHREE/OneDri
ve/Desktop/TEKHORA/Iyya/no
de_modules/rollup/dist/es/
shared/parseAst.js:402:42)
    at Module.error (file:
///C:/Users/MIHIRA%20SHREE
/OneDrive/Desktop/TEKHORA/
Iyya/node_modules/rollup/d
ist/es/shared/node-entry.j
s:17380:16)
    at 
Module.traceVariable (file
:///C:/Users/MIHIRA%20SHRE
E/OneDrive/Desktop/TEKHORA
/Iyya/node_modules/rollup/
dist/es/shared/node-entry.
js:17813:29)
    at 
ModuleScope.findVariable (
file:///C:/Users/MIHIRA%20
SHREE/OneDrive/Desktop/TEK
HORA/Iyya/node_modules/rol
lup/dist/es/shared/node-en
try.js:15403:39)
    at FunctionScope.findV
ariable (file:///C:/Users/
MIHIRA%20SHREE/OneDrive/De
sktop/TEKHORA/Iyya/node_mo
dules/rollup/dist/es/share
d/node-entry.js:5676:38)
    at FunctionBodyScope.f
indVariable (file:///C:/Us
ers/MIHIRA%20SHREE/OneDriv
e/Desktop/TEKHORA/Iyya/nod
e_modules/rollup/dist/es/s
hared/node-entry.js:5676:3
8)
    at Identifier.bind (fi
le:///C:/Users/MIHIRA%20SH
REE/OneDrive/Desktop/TEKHO
RA/Iyya/node_modules/rollu
p/dist/es/shared/node-entr
y.js:5450:40)
    at 
CallExpression.bind (file:
///C:/Users/MIHIRA%20SHREE
/OneDrive/Desktop/TEKHORA/
Iyya/node_modules/rollup/d
ist/es/shared/node-entry.j
s:2828:28)
    at 
CallExpression.bind (file:
///C:/Users/MIHIRA%20SHREE
/OneDrive/Desktop/TEKHORA/
Iyya/node_modules/rollup/d
ist/es/shared/node-entry.j
s:12512:15)[39m
